// Jest Snapshot v1, https://goo.gl/fbAQLP

exports[`Modal Wrapper View Snapshot renders correctly when props 1`] = `null`;
